2026-05-25T08:28:42.789+07:00  INFO 13336 --- [JavaWebService_SS9_b2s] [restartedMain] c.e.j.JavaWebServiceSs9B2sApplication    : Starting JavaWebServiceSs9B2sApplication using Java 21.0.10 with PID 13336 (C:\Users\TRONG TIN\Downloads\javaservice\JavaWebService_SS9_b2s\build\classes\java\main started by TRONG TIN in C:\Users\TRONG TIN\Downloads\javaservice\JavaWebService_SS9_b2s)
2026-05-25T08:28:42.792+07:00 DEBUG 13336 --- [JavaWebService_SS9_b2s] [restartedMain] c.e.j.JavaWebServiceSs9B2sApplication    : Running with Spring Boot v4.0.6, Spring v7.0.7
2026-05-25T08:28:42.793+07:00  INFO 13336 --- [JavaWebService_SS9_b2s] [restartedMain] c.e.j.JavaWebServiceSs9B2sApplication    : No active profile set, falling back to 1 default profile: "default"
2026-05-25T08:28:43.674+07:00  INFO 13336 --- [JavaWebService_SS9_b2s] [restartedMain] o.apache.catalina.core.StandardService   : Starting service [Tomcat]
2026-05-25T08:28:43.675+07:00  INFO 13336 --- [JavaWebService_SS9_b2s] [restartedMain] o.apache.catalina.core.StandardEngine    : Starting Servlet engine: [Apache Tomcat/11.0.21]
2026-05-25T08:28:43.823+07:00  INFO 13336 --- [JavaWebService_SS9_b2s] [restartedMain] org.hibernate.orm.jpa                    : HHH008540: Processing PersistenceUnitInfo [name: default]
2026-05-25T08:28:43.859+07:00  INFO 13336 --- [JavaWebService_SS9_b2s] [restartedMain] org.hibernate.orm.core                   : HHH000001: Hibernate ORM core version 7.2.12.Final
2026-05-25T08:28:44.336+07:00  INFO 13336 --- [JavaWebService_SS9_b2s] [restartedMain] com.zaxxer.hikari.HikariDataSource       : HikariPool-1 - Starting...
2026-05-25T08:28:44.706+07:00  INFO 13336 --- [JavaWebService_SS9_b2s] [restartedMain] com.zaxxer.hikari.pool.HikariPool        : HikariPool-1 - Added connection com.mysql.cj.jdbc.ConnectionImpl@8009c6a
2026-05-25T08:28:44.708+07:00  INFO 13336 --- [JavaWebService_SS9_b2s] [restartedMain] com.zaxxer.hikari.HikariDataSource       : HikariPool-1 - Start completed.
2026-05-25T08:28:44.759+07:00  WARN 13336 --- [JavaWebService_SS9_b2s] [restartedMain] org.hibernate.orm.deprecation            : HHH90000025: MySQLDialect does not need to be specified explicitly using 'hibernate.dialect' (remove the property setting and it will be selected by default)
2026-05-25T08:28:44.776+07:00  INFO 13336 --- [JavaWebService_SS9_b2s] [restartedMain] org.hibernate.orm.connections.pooling    : HHH10001005: Database info:
	Database JDBC URL [jdbc:mysql://localhost:3306/db_restapi_cntt4_ss2?createDatabaseIfNotExist=true]
	Database driver: MySQL Connector/J
	Database dialect: MySQLDialect
	Database version: 8.0.44
	Default catalog/schema: db_restapi_cntt4_ss2/undefined
	Autocommit mode: undefined/unknown
	Isolation level: REPEATABLE_READ [default REPEATABLE_READ]
	JDBC fetch size: none
	Pool: DataSourceConnectionProvider
	Minimum pool size: undefined/unknown
	Maximum pool size: undefined/unknown
2026-05-25T08:28:45.213+07:00  INFO 13336 --- [JavaWebService_SS9_b2s] [restartedMain] org.hibernate.orm.core                   : HHH000489: No JTA platform available (set 'hibernate.transaction.jta.platform' to enable JTA platform integration)
2026-05-25T08:28:45.266+07:00  WARN 13336 --- [JavaWebService_SS9_b2s] [restartedMain] JpaBaseConfiguration$JpaWebConfiguration : spring.jpa.open-in-view is enabled by default. Therefore, database queries may be performed during view rendering. Explicitly configure spring.jpa.open-in-view to disable this warning
2026-05-25T08:28:45.617+07:00  INFO 13336 --- [JavaWebService_SS9_b2s] [restartedMain] c.e.j.JavaWebServiceSs9B2sApplication    : Started JavaWebServiceSs9B2sApplication in 3.322 seconds (process running for 4.202)
